// Jest Snapshot v1, https://goo.gl/fbAQLP

exports[`NavBar renders correctly 1`] = `
<DocumentFragment>
  <nav
    class="nav-bar"
  >
    <div
      class="links"
    >
      <a
        class="nav-bar-item"
        href="/"
      >
        Info
      </a>
      <a
        class="nav-bar-item"
        href="/journeys"
      >
        Journeys
      </a>
      <a
        class="nav-bar-item"
        href="/stations"
      >
        Stations
      </a>
    </div>
  </nav>
</DocumentFragment>
`;
