// Jest Snapshot v1, https://goo.gl/fbAQLP

exports[`NavBar renders correctly 1`] = `
<DocumentFragment>
  <nav
    class="nav_bar"
  >
    <h1>
      Hello from NavBar! 
    </h1>
    <div
      class="links"
    >
      <a
        href="/"
      >
        welcome
      </a>
      <a
        href="/journeys"
      >
        journeys
      </a>
      <a
        href="/stations"
      >
        stations
      </a>
    </div>
  </nav>
</DocumentFragment>
`;
