// Jest Snapshot v1, https://goo.gl/fbAQLP

exports[`StationPopup renders correctly 1`] = `
<DocumentFragment>
  <div
    class="popup-container"
  >
    <div
      class="popup-content"
    >
      <h3>
        Test station
      </h3>
      <p>
        In total 1000 journeys departed from Test station in May 2021. That's No total distance calculated cycled and  less CO2 emissions compared to driving same distance by an average car.
      </p>
      <button
        class="popup-close-button"
      >
        Close
      </button>
    </div>
  </div>
</DocumentFragment>
`;
