// Jest Snapshot v1, https://goo.gl/fbAQLP

exports[`Stations renders correctly 1`] = `
<DocumentFragment>
  <div
    class="station_grid_container"
  >
    <div
      class="station-summary"
    >
      <div
        class="station-text"
      >
        Test station 1    |   Test address1   |    bike capacity: 4
        <button
          class="info-button"
          type="button"
        >
          Test station 1
        </button>
      </div>
    </div>
    <div
      class="station-summary"
    >
      <div
        class="station-text"
      >
        Test station 2    |   Test address2   |    bike capacity: 5
        <button
          class="info-button"
          type="button"
        >
          Test station 2
        </button>
      </div>
    </div>
    <div
      class="station-summary"
    >
      <div
        class="station-text"
      >
        Test station 3    |   Test address3   |    bike capacity: 6
        <button
          class="info-button"
          type="button"
        >
          Test station 3
        </button>
      </div>
    </div>
  </div>
</DocumentFragment>
`;
