// Jest Snapshot v1, https://goo.gl/fbAQLP

exports[`Info renders correctly 1`] = `
<DocumentFragment>
  <div
    class="welcome-container"
  >
    <h2>
      Welcome to Journeys
    </h2>
    <p>
      This application uses data from journeys made with City Bikes in May 2021 and information about the City Bike stations in Helsinki Capital area. The application calculates saved CO2 emissions for a single journey compared to same distance travelled by an average car. This can be viewed by selecting a single journey. Station view shows the emission savings based on total distance of journeys started from the station.
    </p>
    <a
      href="https://www.eea.europa.eu/ims/co2-performance-of-new-passenger"
    >
      The calculation is based on European Environment Agency's research
    </a>
    <p>
      Average emission for a new passenger car is 107.5 gCO2/km. On this application this figure is used for illustrative purpose only.
    </p>
    <a
      href="https://www.hsl.fi/en/citybikes"
    >
      Find out more about Helsinki City Bikes
    </a>
  </div>
</DocumentFragment>
`;
